{
    "star align paired end": {
        "content": [
            {
                "stderr": [
                    
                ],
                "errorReport": null,
                "exitStatus": 0,
                "failed": false,
                "stdout": [
                    "[[id:nfcore-test-sample, single_end:false], [/nf-core/test-datasets/modules/data/genomics/homo_sapiens/illumina/fastq/test_1.fastq.gz, /nf-core/test-datasets/modules/data/genomics/homo_sapiens/illumina/fastq/test_2.fastq.gz]]"
                ],
                "errorMessage": null,
                "trace": {
                    "tasksFailed": 0,
                    "tasksCount": 2,
                    "tasksSucceeded": 2
                },
                "name": "workflow",
                "success": true
            },
            "nfcore-test-sample.Log.progress.out:md5,b2bd061d6cbaaf3d6d3b1fed547f69b8",
            "nfcore-test-sample.ReadsPerGene.out.tab:md5,e14eef7c99a7f6fc7900959c4872ffb9",
            "nfcore-test-sample.SJ.out.tab:md5,d41d8cd98f00b204e9800998ecf8427e"
        ],
        "timestamp": "2024-03-14T10:23:08.276894"
    }
}